[07:16:37] [main/INFO]: Loading Minecraft 1.18 with Fabric Loader 0.16.3
[07:16:37] [main/INFO]: Loading 4 mods:
	- fabricloader 0.16.3
	   \-- mixinextras 0.4.1
	- java 17
	- minecraft 1.18
[07:16:38] [main/INFO]: SpongePowered MIXIN Subsystem Version=0.8.7 Source=file:/workspaces/solid-octo-garbanzo/servidor_minecraft/libraries/net/fabricmc/sponge-mixin/0.15.2+mixin.0.8.7/sponge-mixin-0.15.2+mixin.0.8.7.jar Service=Knot/Fabric Env=SERVER
[07:16:41] [main/INFO]: Environment: authHost='https://authserver.mojang.com', accountsHost='https://api.mojang.com', sessionHost='https://sessionserver.mojang.com', servicesHost='https://api.minecraftservices.com', name='PROD'
[07:16:42] [main/WARN]: Ambiguity between arguments [teleport, location] and [teleport, destination] with inputs: [0.1 -0.5 .9, 0 0 0]
[07:16:42] [main/WARN]: Ambiguity between arguments [teleport, location] and [teleport, targets] with inputs: [0.1 -0.5 .9, 0 0 0]
[07:16:42] [main/WARN]: Ambiguity between arguments [teleport, destination] and [teleport, targets] with inputs: [Player, 0123, @e, dd12be42-52a9-4a91-a8a1-11c01849e498]
[07:16:42] [main/WARN]: Ambiguity between arguments [teleport, targets] and [teleport, destination] with inputs: [Player, 0123, dd12be42-52a9-4a91-a8a1-11c01849e498]
[07:16:42] [main/WARN]: Ambiguity between arguments [teleport, targets, location] and [teleport, targets, destination] with inputs: [0.1 -0.5 .9, 0 0 0]
[07:16:42] [main/INFO]: Reloading ResourceManager: Default
[07:16:43] [Worker-Main-20/INFO]: Loaded 7 recipes
[07:16:44] [Worker-Main-20/INFO]: Loaded 1141 advancements
[07:16:46] [Server thread/INFO]: Starting minecraft server version 1.18
[07:16:46] [Server thread/INFO]: Loading properties
[07:16:46] [Server thread/INFO]: Default game type: SURVIVAL
[07:16:46] [Server thread/INFO]: Generating keypair
[07:16:46] [Server thread/INFO]: Starting Minecraft server on *:25565
[07:16:46] [Server thread/INFO]: Using epoll channel type
[07:16:46] [Server thread/WARN]: **** SERVER IS RUNNING IN OFFLINE/INSECURE MODE!
[07:16:46] [Server thread/WARN]: The server will make no attempt to authenticate usernames. Beware.
[07:16:46] [Server thread/WARN]: While this makes the game possible to play without internet access, it also opens up the ability for hackers to connect with any username they choose.
[07:16:46] [Server thread/WARN]: To change this, set "online-mode" to "true" in the server.properties file.
[07:16:46] [Server thread/INFO]: Preparing level "world"
[07:16:52] [Server thread/INFO]: Preparing start region for dimension minecraft:overworld
[07:16:53] [Worker-Main-29/INFO]: Preparing spawn area: 0%
[07:16:53] [Worker-Main-27/INFO]: Preparing spawn area: 0%
[07:16:53] [Worker-Main-28/INFO]: Preparing spawn area: 0%
[07:16:54] [Worker-Main-18/INFO]: Preparing spawn area: 1%
[07:16:54] [Worker-Main-16/INFO]: Preparing spawn area: 4%
[07:16:55] [Worker-Main-26/INFO]: Preparing spawn area: 6%
[07:16:55] [Worker-Main-28/INFO]: Preparing spawn area: 10%
[07:16:56] [Worker-Main-21/INFO]: Preparing spawn area: 13%
[07:16:56] [Worker-Main-29/INFO]: Preparing spawn area: 17%
[07:16:57] [Worker-Main-22/INFO]: Preparing spawn area: 23%
[07:16:57] [Worker-Main-28/INFO]: Preparing spawn area: 28%
[07:16:58] [Worker-Main-30/INFO]: Preparing spawn area: 33%
[07:16:58] [Worker-Main-18/INFO]: Preparing spawn area: 40%
[07:16:59] [Worker-Main-21/INFO]: Preparing spawn area: 44%
[07:16:59] [Worker-Main-20/INFO]: Preparing spawn area: 52%
[07:17:00] [Worker-Main-16/INFO]: Preparing spawn area: 56%
[07:17:00] [Worker-Main-29/INFO]: Preparing spawn area: 63%
[07:17:01] [Worker-Main-26/INFO]: Preparing spawn area: 70%
[07:17:01] [Worker-Main-22/INFO]: Preparing spawn area: 76%
[07:17:02] [Worker-Main-20/INFO]: Preparing spawn area: 83%
[07:17:02] [Worker-Main-28/INFO]: Preparing spawn area: 88%
[07:17:03] [Worker-Main-20/INFO]: Preparing spawn area: 96%
[07:17:03] [Server thread/INFO]: Time elapsed: 10749 ms
[07:17:03] [Server thread/INFO]: Done (16.778s)! For help, type "help"
[07:19:58] [Server thread/INFO]: Stopping the server
[07:19:58] [Server thread/INFO]: Stopping server
[07:19:58] [Server thread/INFO]: Saving players
[07:19:58] [Server thread/INFO]: Saving worlds
[07:19:58] [Server thread/INFO]: Saving chunks for level 'ServerLevel[world]'/minecraft:overworld
[07:19:58] [Server thread/INFO]: Saving chunks for level 'ServerLevel[world]'/minecraft:the_nether
[07:19:58] [Server thread/INFO]: Saving chunks for level 'ServerLevel[world]'/minecraft:the_end
[07:19:58] [Server thread/INFO]: ThreadedAnvilChunkStorage (world): All chunks are saved
[07:19:58] [Server thread/INFO]: ThreadedAnvilChunkStorage (DIM-1): All chunks are saved
[07:19:58] [Server thread/INFO]: ThreadedAnvilChunkStorage (DIM1): All chunks are saved
[07:19:58] [Server thread/INFO]: ThreadedAnvilChunkStorage: All dimensions are saved
